current directory: /home/budder/dev-blog/vendor/bundle/ruby/4.0.0/gems/eventmachine-1.2.7/ext/fastfilereader
/usr/bin/ruby.ruby4.0 extconf.rb
creating Makefile

current directory: /home/budder/dev-blog/vendor/bundle/ruby/4.0.0/gems/eventmachine-1.2.7/ext/fastfilereader
make -j3 DESTDIR\= sitearchdir\=./.gem.20260823-22624-ser7l1 sitelibdir\=./.gem.20260823-22624-ser7l1 clean
make: warning: -j3 forced in submake: resetting jobserver mode.

current directory: /home/budder/dev-blog/vendor/bundle/ruby/4.0.0/gems/eventmachine-1.2.7/ext/fastfilereader
make -j3 DESTDIR\= sitearchdir\=./.gem.20260823-22624-ser7l1 sitelibdir\=./.gem.20260823-22624-ser7l1
make: warning: -j3 forced in submake: resetting jobserver mode.
compiling mapper.cpp
compiling rubymain.cpp
cc1plus: warning: command-line option ‘-std=gnu99’ is valid for C/ObjC but not for C++
cc1plus: warning: command-line option ‘-std=gnu99’ is valid for C/ObjC but not for C++
In file included from /usr/include/ruby-4.0.0/ruby/internal/core.h:27,
                 from /usr/include/ruby-4.0.0/ruby/ruby.h:29,
                 from /usr/include/ruby-4.0.0/ruby.h:38,
                 from rubymain.cpp:25:
rubymain.cpp: In function ‘VALUE mapper_new(VALUE, VALUE)’:
/usr/include/ruby-4.0.0/ruby/internal/core/rdata.h:202:24: warning: ‘VALUE rb_data_object_wrap_warning(VALUE, void*, RUBY_DATA_FUNC, RUBY_DATA_FUNC)’ is deprecated: by TypedData [-Wdeprecated-declarations]
  202 |     rb_data_object_wrap(                          \
      |                        ^
rubymain.cpp:53:19: note: in expansion of macro ‘Data_Wrap_Struct’
   53 |         VALUE v = Data_Wrap_Struct (Mapper, 0, mapper_dt, (void*)m);
      |                   ^~~~~~~~~~~~~~~~
/usr/include/ruby-4.0.0/ruby/internal/core/rdata.h:296:1: note: declared here
  296 | rb_data_object_wrap_warning(VALUE klass, void *ptr, RUBY_DATA_FUNC mark, RUBY_DATA_FUNC free)
      | ^~~~~~~~~~~~~~~~~~~~~~~~~~~
In file included from /usr/include/ruby-4.0.0/ruby/internal/assume.h:29,
                 from /usr/include/ruby-4.0.0/ruby/backward/2/assume.h:24,
                 from /usr/include/ruby-4.0.0/ruby/defines.h:72,
                 from /usr/include/ruby-4.0.0/ruby/ruby.h:25:
rubymain.cpp: In function ‘VALUE mapper_get_chunk(VALUE, VALUE, VALUE)’:
/usr/include/ruby-4.0.0/ruby/internal/core/rdata.h:278:52: warning: ‘void* rb_data_object_get_warning(VALUE)’ is deprecated: by TypedData [-Wdeprecated-declarations]
  278 |     ((sval) = RBIMPL_CAST((type*)rb_data_object_get(obj)))
      |                                                    ^
/usr/include/ruby-4.0.0/ruby/internal/cast.h:36:29: note: in definition of macro ‘RBIMPL_CAST’
   36 | # define RBIMPL_CAST(expr) (expr)
      |                             ^~~~
rubymain.cpp:65:9: note: in expansion of macro ‘Data_Get_Struct’
   65 |         Data_Get_Struct (self, Mapper_t, m);
      |         ^~~~~~~~~~~~~~~
/usr/include/ruby-4.0.0/ruby/internal/core/rdata.h:328:1: note: declared here
  328 | rb_data_object_get_warning(VALUE obj)
      | ^~~~~~~~~~~~~~~~~~~~~~~~~~
rubymain.cpp: In function ‘VALUE mapper_close(VALUE)’:
/usr/include/ruby-4.0.0/ruby/internal/core/rdata.h:278:52: warning: ‘void* rb_data_object_get_warning(VALUE)’ is deprecated: by TypedData [-Wdeprecated-declarations]
  278 |     ((sval) = RBIMPL_CAST((type*)rb_data_object_get(obj)))
      |                                                    ^
/usr/include/ruby-4.0.0/ruby/internal/cast.h:36:29: note: in definition of macro ‘RBIMPL_CAST’
   36 | # define RBIMPL_CAST(expr) (expr)
      |                             ^~~~
rubymain.cpp:88:9: note: in expansion of macro ‘Data_Get_Struct’
   88 |         Data_Get_Struct (self, Mapper_t, m);
      |         ^~~~~~~~~~~~~~~
/usr/include/ruby-4.0.0/ruby/internal/core/rdata.h:328:1: note: declared here
  328 | rb_data_object_get_warning(VALUE obj)
      | ^~~~~~~~~~~~~~~~~~~~~~~~~~
rubymain.cpp: In function ‘VALUE mapper_size(VALUE)’:
/usr/include/ruby-4.0.0/ruby/internal/core/rdata.h:278:52: warning: ‘void* rb_data_object_get_warning(VALUE)’ is deprecated: by TypedData [-Wdeprecated-declarations]
  278 |     ((sval) = RBIMPL_CAST((type*)rb_data_object_get(obj)))
      |                                                    ^
/usr/include/ruby-4.0.0/ruby/internal/cast.h:36:29: note: in definition of macro ‘RBIMPL_CAST’
   36 | # define RBIMPL_CAST(expr) (expr)
      |                             ^~~~
rubymain.cpp:102:9: note: in expansion of macro ‘Data_Get_Struct’
  102 |         Data_Get_Struct (self, Mapper_t, m);
      |         ^~~~~~~~~~~~~~~
/usr/include/ruby-4.0.0/ruby/internal/core/rdata.h:328:1: note: declared here
  328 | rb_data_object_get_warning(VALUE obj)
      | ^~~~~~~~~~~~~~~~~~~~~~~~~~
linking shared-object fastfilereaderext.so

current directory: /home/budder/dev-blog/vendor/bundle/ruby/4.0.0/gems/eventmachine-1.2.7/ext/fastfilereader
make -j3 DESTDIR\= sitearchdir\=./.gem.20260823-22624-ser7l1 sitelibdir\=./.gem.20260823-22624-ser7l1 install
make: warning: -j3 forced in submake: resetting jobserver mode.
/usr/bin/install -c -m 0755 fastfilereaderext.so ./.gem.20260823-22624-ser7l1

current directory: /home/budder/dev-blog/vendor/bundle/ruby/4.0.0/gems/eventmachine-1.2.7/ext/fastfilereader
make DESTDIR\= sitearchdir\=./.gem.20260823-22624-ser7l1 sitelibdir\=./.gem.20260823-22624-ser7l1 clean
