current directory: /home/budder/dev-blog/vendor/bundle/ruby/4.0.0/gems/http_parser.rb-0.8.1/ext/ruby_http_parser
/usr/bin/ruby.ruby4.0 extconf.rb
creating Makefile

current directory: /home/budder/dev-blog/vendor/bundle/ruby/4.0.0/gems/http_parser.rb-0.8.1/ext/ruby_http_parser
make -j3 DESTDIR\= sitearchdir\=./.gem.20260823-22624-3y48eq sitelibdir\=./.gem.20260823-22624-3y48eq clean
make: warning: -j3 forced in submake: resetting jobserver mode.

current directory: /home/budder/dev-blog/vendor/bundle/ruby/4.0.0/gems/http_parser.rb-0.8.1/ext/ruby_http_parser
make -j3 DESTDIR\= sitearchdir\=./.gem.20260823-22624-3y48eq sitelibdir\=./.gem.20260823-22624-3y48eq
make: warning: -j3 forced in submake: resetting jobserver mode.
compiling ruby_http_parser.c
compiling ryah_http_parser.c
ruby_http_parser.c: In function ‘Parser_execute’:
ruby_http_parser.c:373:17: warning: comparison of integer expressions of different signedness: ‘size_t’ {aka ‘long unsigned int’} and ‘long int’ [-Wsign-compare]
  373 |     if (nparsed < len)
      |                 ^
ruby_http_parser.c: In function ‘Init_ruby_http_parser’:
ruby_http_parser.c:515:6: warning: old-style function definition [-Wold-style-definition]
  515 | void Init_ruby_http_parser() {
      |      ^~~~~~~~~~~~~~~~~~~~~
At top level:
cc1: note: unrecognized command-line option ‘-Wno-self-assign’ may have been intended to silence earlier diagnostics
cc1: note: unrecognized command-line option ‘-Wno-parentheses-equality’ may have been intended to silence earlier diagnostics
cc1: note: unrecognized command-line option ‘-Wno-constant-logical-operand’ may have been intended to silence earlier diagnostics
linking shared-object ruby_http_parser.so

current directory: /home/budder/dev-blog/vendor/bundle/ruby/4.0.0/gems/http_parser.rb-0.8.1/ext/ruby_http_parser
make -j3 DESTDIR\= sitearchdir\=./.gem.20260823-22624-3y48eq sitelibdir\=./.gem.20260823-22624-3y48eq install
make: warning: -j3 forced in submake: resetting jobserver mode.
/usr/bin/install -c -m 0755 ruby_http_parser.so ./.gem.20260823-22624-3y48eq

current directory: /home/budder/dev-blog/vendor/bundle/ruby/4.0.0/gems/http_parser.rb-0.8.1/ext/ruby_http_parser
make DESTDIR\= sitearchdir\=./.gem.20260823-22624-3y48eq sitelibdir\=./.gem.20260823-22624-3y48eq clean
